desk ○ idle · forgectl 0.0.0-test · host-a · ~/.local/state/f…  up 4h37m · 19:07
╭ waiting ───────────────╮╭ started today ─────────╮╭ outcomes ────────────────╮
│ 0                      ││ 6                      ││ ✓ 36  ✗ 4  ? 4           │
│ nothing waiting        ││ median 52s             ││ 0 changed                │
│ ▁▁▁▁▁▁▁▁▁▁▁▁▁▁▁▁▁▁▁▁▁▁ ││ █▁▁█▁▁█▁▁█▁▁█▁▁█▁▁█▁▁▁ ││ ▁▁▁▁▁▁▁▁█▁▁▁▁▁▁▁▁▁▁▁▁▁▁▁ │
╰────────────────────────╯╰────────────────────────╯╰──────────────────────────╯
╭ queue ─┤ ● 0 running  ◌ 0 waiting ├──────────────────────────────────────────╮
│ nothing waiting                                                              │
│ Claude queues scripts with forgectl desk add; they appear here               │
╰──────────────────────────────────────────────────────────────────────────────╯
╭ focus ───────────────────────────────────────────────────────────────────────╮
│ the selected item's sha256, what and why show here                           │
╰──────────────────────────────────────────────────────────────────────────────╯
╭ history ─┤ bar: run length, longest full ├───────────────────────────────────╮
│ ? 44 legacy-task-44              ▅▅▅▅▅▅▅▅ no exit recorded 3h ago    0:54    │
│ ✓ 43 legacy-task-43              ▅▅▅▅▅▅▅▅ ok               6h ago    0:53    │
│ ✓ 42 legacy-task-42              ▅▅▅▅▅▅▅▅ ok               9h ago    0:52    │
│ ✓ 41 legacy-task-41              ▅▅▅▅▅▅▅▅ ok               12h ago   0:51    │
│ ✗ 40 legacy-task-40              ▅▅▅▅▅▅▅  exit 4           15h ago   0:50    │
│ ✓ 39 legacy-task-39              ▅▅▅▅▅▅▅  ok               18h ago   0:49    │
│ ✓ 38 legacy-task-38              ▅▅▅▅▅▅▅  ok               21h ago   0:48    │
│ ✓ 37 legacy-task-37              ▅▅▅▅▅▅▅  ok               24h ago   0:47    │
│ ✓ 36 legacy-task-36              ▅▅▅▅▅▅▅  ok               27h ago   0:46    │
│ ✓ 35 legacy-task-35              ▅▅▅▅▅▅▅  ok               30h ago   0:45    │
│ ✓ 34 legacy-task-34              ▅▅▅▅▅▅▅  ok               33h ago   0:44    │
│ ? 33 legacy-task-33              ▅▅▅▅▅▅   no exit recorded 36h ago   0:43    │
│ ✓ 32 legacy-task-32              ▅▅▅▅▅▅   ok               39h ago   0:42    │
│ ✓ 31 legacy-task-31              ▅▅▅▅▅▅   ok               42h ago   0:41    │
│ ✗ 30 legacy-task-30              ▅▅▅▅▅▅   exit 3           45h ago   0:40    │
│ ✓ 29 legacy-task-29              ▅▅▅▅▅▅   ok               2d ago    0:39    │
│ ✓ 28 legacy-task-28              ▅▅▅▅▅▅   ok               2d ago    0:38    │
│ ✓ 27 legacy-task-27              ▅▅▅▅▅    ok               2d ago    0:37    │
│ ✓ 26 legacy-task-26              ▅▅▅▅▅    ok               2d ago    0:36    │
│ ✓ 25 legacy-task-25              ▅▅▅▅▅    ok               2d ago    0:35    │
│ ✓ 24 legacy-task-24              ▅▅▅▅▅    ok               2d ago    0:34    │
│ ✓ 23 legacy-task-23              ▅▅▅▅▅    ok               2d ago    0:33    │
│ ? 22 legacy-task-22              ▅▅▅▅▅    no exit recorded 2d ago    0:32    │
│ ✓ 21 legacy-task-21              ▅▅▅▅▅    ok               3d ago    0:31    │
│ ✗ 20 legacy-task-20              ▅▅▅▅     exit 2           3d ago    0:30    │
│ ✓ 19 legacy-task-19              ▅▅▅▅     ok               3d ago    0:29    │
│ ✓ 18 legacy-task-18              ▅▅▅▅     ok               3d ago    0:28    │
│ ✓ 17 legacy-task-17              ▅▅▅▅     ok               3d ago    0:27    │
│ ✓ 16 legacy-task-16              ▅▅▅▅     ok               3d ago    0:26    │
│ ✓ 15 legacy-task-15              ▅▅▅▅     ok               3d ago    0:25    │
│ ✓ 14 legacy-task-14              ▅▅▅▅     ok               3d ago    0:24    │
│ ✓ 13 legacy-task-13              ▅▅▅      ok               4d ago    0:23    │
│ ✓ 12 legacy-task-12              ▅▅▅      ok               4d ago    0:22    │
│ ? 11 legacy-task-11              ▅▅▅      no exit recorded 4d ago    0:21    │
│ ✗ 10 legacy-task-10              ▅▅▅      exit 1           4d ago    0:20    │
│ ✓ 09 legacy-task-09              ▅▅▅      ok               4d ago    0:19    │
│ ✓ 08 legacy-task-08              ▅▅▅      ok               4d ago    0:18    │
│ ✓ 07 legacy-task-07              ▅▅▅      ok               4d ago    0:17    │
│ ✓ 06 legacy-task-06              ▅▅       ok               4d ago    0:16    │
│ ✓ 05 legacy-task-05              ▅▅       ok               5d ago    0:15    │
│ ✓ 04 legacy-task-04              ▅▅       ok               5d ago    0:14    │
│ ✓ 03 legacy-task-03              ▅▅       ok               5d ago    0:13    │
│ ✓ 02 legacy-task-02              ▅▅       ok               5d ago    0:12    │
│ ✓ 01 legacy-task-01              ▅▅       ok               5d ago    0:11    │
╰──────────────────────────────────────────────────────────────────────────────╯
 u undo · l log · r runs · ? help · q quit