desk ○ idle                                                                19:07
forgectl 0.0.0-test · host-a · up 4h37m · ~/.local/state/forgectl/desk

╭ waiting ───────────────╮╭ started today ─────────╮╭ outcomes ────────────────╮
│  0                     ││  0                     ││  ✓ 0  ✗ 0                │
│  nothing waiting       ││  median -              ││  0 changed               │
│  ▁▁▁▁▁▁▁▁▁▁▁▁▁▁▁▁▁▁▁▁  ││  ▁▁▁▁▁▁▁▁▁▁▁▁▁▁▁▁▁▁▁▁  ││  ▁▁▁▁▁▁▁▁▁▁▁▁▁▁▁▁▁▁▁▁▁▁  │
╰────────────────────────╯╰────────────────────────╯╰──────────────────────────╯

╭ queue ─┤ ● 0 running  ◌ 0 waiting ├──────────────────────────────────────────╮
│  nothing waiting                                                             │
│  Claude queues scripts with forgectl desk add; they appear here              │
╰──────────────────────────────────────────────────────────────────────────────╯

╭ focus ───────────────────────────────────────────────────────────────────────╮
│  the selected item's sha256, what and why show here                          │
╰──────────────────────────────────────────────────────────────────────────────╯

╭ timeline ─┤ newest first ├───────────────────────────────────────────────────╮
│  nothing on the desk yet                                                     │
╰──────────────────────────────────────────────────────────────────────────────╯








 ? help · q quit