desk ● · forgectl 0.0.0-test · host-a · ~/.local/state/forgectl/desk                                    up 4h37m · 19:07
╭ waiting ─────────────────────────────╮╭ runs today ──────────────────────────╮╭ outcomes ────────────────────────────╮
│ 3                                    ││ 5                                    ││ ✓ 2  ✗ 1                             │
│ oldest 30h                           ││ median 41s                           ││ 1 changed                            │
│ ▁▁▁▁▁▁▁▁▁▁▁▁▁▁▁▁▁▁▁▁▁▃▁█             ││ ▁▁▁▁▁▁▁▁▁▁▁▁▁▁▁▁▁▁▃▁▁▁▁█             ││ ▁▁▁▁▁▁▁▁▁▁▁▁▁▁▁▁▁▁▁▁▁▁▁█             │
╰──────────────────────────────────────╯╰──────────────────────────────────────╯╰──────────────────────────────────────╯
╭ queue ─┤ ● 2 running  ◌ 3 waiting  ⌨ 1 tty ├─────────────────────────────────────────────────────────────────────────╮
│ ▸ ◌ waiting  17 merge-feature-branch                ░░░░░░░░░░░░░░░░  needs you                                      │
│   ◌ waiting  18 refresh-credentials               ⌨ ░░░░░░░░░░░░░░░░  tty                                            │
│   ◌ waiting  19 old-cleanup                         ░░░░░░░░░░░░░░░░  stale                                          │
│   ● running  14 sync-mirror                         ███████░░░░░░░░░  0:50                                           │
│   ● running  16 nightly-batch                       ███████▓▓▓██░░░░  4/7 steps                                      │
│   ✗ failed   12 canary-probe                        ████████████████  exit 1                                         │
│   ✓ done     15 merge-1169                          ████████████████  0:41                                           │
│   ! changed  13 rotate-keys                         ░░░░░░░░░░░░░░░░  changed                                        │
╰──────────────────────────────────────────────────────────────────────────────────────────────────────────────────────╯
╭ focus ───────────────────────────────────────────────────────────────────────────────────────────────────────────────╮
│ 17 merge-feature-branch · sha256 283128acef14 · unchanged since queued 12m ago                                       │
│ what  Merge the feature branch once checks pass                                                                      │
│ why   The review is done; merges are yours                                                                           │
│ ┆ script · the first lines it runs                                                                                   │
│ ┆ set -euo pipefail                                                                                                  │
│ ┆ gh pr merge 42 --repo example/project --squash --auto                                                              │
│ ┆ gh pr view 42 --repo example/project --json state                                                                  │
│ ┆ echo merged                                                                                                        │
│ ┆     echo "an indented line"                                                                                        │
╰──────────────────────────────────────────────────────────────────────────────────────────────────────────────────────╯
╭ history ─────────────────────────────────────────────────────────────────────────────────────────────────────────────╮
│ ✗ 12 canary-probe                      ▅        exit 1           20m ago   0:18                                      │
│ ✓ 15 merge-1169                        ▅▅▅      ok               23m ago   0:41                                      │
│ ✓ 09 sync-mirror                       ▅▅▅▅▅▅▅▅ ok               5h ago    2:00                                      │
╰──────────────────────────────────────────────────────────────────────────────────────────────────────────────────────╯







 y run  s skip  u undo  v view  a all  l log  r runs  j/k move  q quit