desk ● · forgectl 0.0.0-test · host-a · ~…  up 4h37m · 19:07
◌ 0 waiting · 0 runs today · ✓ 0 ✗ 0
╭ queue ─┤ ● 0 running  ◌ 0 waiting ├──────────────────────╮
│ nothing waiting                                          │
╰──────────────────────────────────────────────────────────╯
╭ focus ───────────────────────────────────────────────────╮
│ nothing waiting                                          │
╰──────────────────────────────────────────────────────────╯
╭ history ─────────────────────────────────────────────────╮
│ no runs yet                                              │
╰──────────────────────────────────────────────────────────╯


















 y run s skip u undo v view a all l log r runs q quit