desk ● · forgectl 0.0.0-test · host-a · ~/.local/state/forgec…  up 4h37m · 19:07
╭ waiting ───────────────╮╭ runs today ────────────╮╭ outcomes ────────────────╮
│ 0                      ││ 0                      ││ ✓ 0  ✗ 0                 │
│ nothing waiting        ││ median -               ││ 0 changed                │
│ ▁▁▁▁▁▁▁▁▁▁▁▁▁▁▁▁▁▁▁▁▁▁ ││ ▁▁▁▁▁▁▁▁▁▁▁▁▁▁▁▁▁▁▁▁▁▁ ││ ▁▁▁▁▁▁▁▁▁▁▁▁▁▁▁▁▁▁▁▁▁▁▁▁ │
╰────────────────────────╯╰────────────────────────╯╰──────────────────────────╯
╭ queue ─┤ ● 0 running  ◌ 0 waiting ├──────────────────────────────────────────╮
│ nothing waiting                                                              │
╰──────────────────────────────────────────────────────────────────────────────╯
╭ focus ───────────────────────────────────────────────────────────────────────╮
│ nothing waiting                                                              │
╰──────────────────────────────────────────────────────────────────────────────╯
╭ history ─────────────────────────────────────────────────────────────────────╮
│ no runs yet                                                                  │
╰──────────────────────────────────────────────────────────────────────────────╯














 y run  s skip  u undo  v view  a all  l log  r runs  j/k move  q quit