desk ○ nothing waiting · forgectl 0.0.0-test · host-a · ~/.lo…  up 4h37m · 19:07
╭ waiting ───────────────╮╭ started today ─────────╮╭ outcomes ────────────────╮
│ 0                      ││ 0                      ││ ✓ 0  ✗ 0                 │
│ nothing waiting        ││ median -               ││ 0 changed                │
│ ▁▁▁▁▁▁▁▁▁▁▁▁▁▁▁▁▁▁▁▁▁▁ ││ ▁▁▁▁▁▁▁▁▁▁▁▁▁▁▁▁▁▁▁▁▁▁ ││ ▁▁▁▁▁▁▁▁▁▁▁▁▁▁▁▁▁▁▁▁▁▁▁▁ │
╰────────────────────────╯╰────────────────────────╯╰──────────────────────────╯
╭ queue ─┤ ● 0 running  ◌ 0 waiting ├──────────────────────────────────────────╮
│ nothing waiting                                                              │
│ Claude queues scripts with forgectl desk add; they appear here               │
╰──────────────────────────────────────────────────────────────────────────────╯
╭ focus ───────────────────────────────────────────────────────────────────────╮
│ the selected item's sha256, what and why show here                           │
╰──────────────────────────────────────────────────────────────────────────────╯
╭ history ─────────────────────────────────────────────────────────────────────╮
│ no finished runs yet                                                         │
╰──────────────────────────────────────────────────────────────────────────────╯













 u undo · l log · r runs · ? help · q quit