#  forgectl  ·  forgectl @ main · 2 tmux

▌1 docs      Local markdown reader…
 2 pr        Clean-room review of a…
 3 projects  Find and open projects…
 4 tmux      Wrangle tmux sessions…
 5 sessions  Sync local session ledgers…
   ── areas · 8 commands ──
 6 agents ›  launch · resume · desk…
 7 repos ›   status · review · branch…
 8 shell ›   env · y · pip · proxy · net
 9 setup ›   doctor · config · init…
$ forgectl docs <subcommand>
   Local markdown reader — render +
   serve an indexed doc set over…
enter open · / search · q/esc quit
