#  forgectl  ·  forgectl @ main · 2 tmux

▌1 docs         Local markdown reader…
 2 pr           Clean-room review of a…
 3 projects     Find and open projects…
 4 tmux         Wrangle tmux sessions…
 5 sessions     Sync local session…
   ── recent ──
   desk         Operator queue: scripts…
   tasks ready  List tasks that are…
   resume       Pick a recent Claude…
   ── all commands (8) ──

  ••
$ forgectl docs <subcommand>
   Local markdown reader — render +
   serve an indexed doc set over…
↑↓ move · enter open · q/esc quit
