[38;2;176;149;224m[m  [1;38;2;219;187;111mforgectl[m[38;2;90;122;138m  ·  menu[m                               
                                                   
[38;2;219;187;111m▌[m[38;2;219;187;111m1 [m[1;38;2;219;187;111m  Pick[m                                         
 [38;2;90;122;138m2 [m[38;2;232;230;225m  Sessions[m  [38;2;90;122;138mattach · rename · kill[m             
 [38;2;90;122;138m3 [m[38;2;232;230;225m  Windows[m  [38;2;90;122;138mjump to any window, any session[m     
 [38;2;90;122;138m4 [m[38;2;232;230;225m  Tree[m  [38;2;90;122;138mthe whole layout at a glance[m           
 [38;2;90;122;138m5 [m[38;2;232;230;225m  Last[m  [38;2;90;122;138mback to the last session[m               
 [38;2;90;122;138m6 [m[38;2;232;230;225m  Cheatsheet[m  [38;2;90;122;138mtmux terms + the keys that matter[m
                                                   
                                                   
                                                   
                                                   
                                                   
                                                   
                                                   
                                                   
                                                   
                                                   
                                                   
                                                   
                                                   
[38;2;90;122;138m1-6 / enter select · q/esc back[m                    