[1;38;2;176;185;249m  forgectl[0m[38;2;102;102;102m  ·  menu[0m                               
                                                   
[38;2;176;185;249m▌[0m[38;2;176;185;249m1 [0m[1;38;2;176;185;249m  Pick[0m                                         
 [38;2;102;102;102m2 [0m[38;2;197;200;198m  Sessions[0m  [38;2;102;102;102mattach · rename · kill[0m             
 [38;2;102;102;102m3 [0m[38;2;197;200;198m  Windows[0m  [38;2;102;102;102mjump to any window, any session[0m     
 [38;2;102;102;102m4 [0m[38;2;197;200;198m  Tree[0m  [38;2;102;102;102mthe whole layout at a glance[0m           
 [38;2;102;102;102m5 [0m[38;2;197;200;198m  Last[0m  [38;2;102;102;102mback to the last session[0m               
 [38;2;102;102;102m6 [0m[38;2;197;200;198m  Cheatsheet[0m  [38;2;102;102;102mtmux terms + the keys that matter[0m
                                                   
                                                   
                                                   
                                                   
                                                   
                                                   
                                                   
                                                   
                                                   
                                                   
                                                   
                                                   
                                                   
[38;2;102;102;102m1-6 / enter select · q/esc quit[0m                    