╭ queue ─┤ ● 1 running  ◌ 2 waiting ├──────────────────────────────────────────────────────────────────────────────────╮
│ ▸ ◌ waiting  17 merge-when-green-1201  ██░░░░░░                                                                      │
│   ● running  16 runner-pool-batch     ████▓▓░░                                                                       │
│   ✓ done     15 日本語のとても長い名前のジョブ日本語のとても長い名前のジョブ                                         │
│   ● running  14 shimmer              ▒▓▒░░░░░     ▂▄▃█▅                                                              │
╰──────────────────────────────────────────────────────────────────────────────────────────────────────────────────────╯