[1;38;2;176;185;249m  forgectl[0m[38;2;102;102;102m  ·  sessions[0m                                                                     
                                                                                             
[38;2;176;185;249m▌[0m[38;2;176;185;249m1 [0m[38;2;181;189;104m●[0m [1;38;2;176;185;249malpha[0m[38;2;102;102;102m  2 windows · /tmp/alpha[0m                                                           
 [38;2;102;102;102m2 [0m[38;2;102;102;102m○[0m [38;2;197;200;198mbeta[0m[38;2;102;102;102m  1 window · /tmp/beta[0m                                                              
                                                                                             
                                                                                             
                                                                                             
                                                                                             
                                                                                             
                                                                                             
                                                                                             
                                                                                             
                                                                                             
                                                                                             
                                                                                             
                                                                                             
                                                                                             
                                                                                             
                                                                                             
                                                                                             
                                                                                             
[38;2;102;102;102m↑↓ move · 1-9 jump · enter attach · k kill · K kill-others · r rename · / filter · q/esc back[0m