[38;2;176;149;224m[m  [1;38;2;219;187;111mforgectl[m[38;2;90;122;138m  ·  sessions[m                                                                     
                                                                                             
[38;2;219;187;111m▌[m[38;2;219;187;111m1 [m[38;2;74;138;94m●[m [1;38;2;219;187;111malpha[m[38;2;90;122;138m  2 windows · /tmp/alpha[m                                                           
 [38;2;90;122;138m2 [m[38;2;90;122;138m○[m [38;2;232;230;225mbeta[m[38;2;90;122;138m  1 window · /tmp/beta[m                                                              
                                                                                             
                                                                                             
                                                                                             
                                                                                             
                                                                                             
                                                                                             
                                                                                             
                                                                                             
                                                                                             
                                                                                             
                                                                                             
                                                                                             
                                                                                             
                                                                                             
                                                                                             
                                                                                             
                                                                                             
[38;2;90;122;138m↑↓ move · 1-9 jump · enter attach · k kill · K kill-others · r rename · / filter · q/esc back[m