[1;38;2;176;185;249m  forgectl[m[38;2;102;102;102m  ·  windows[m                        
                                               
[38;2;176;185;249m▌[m[38;2;176;185;249m1 [m [38;2;138;190;183malpha[m[38;2;102;102;102m · [m[38;2;240;198;116meditor[m[38;2;102;102;102m  2 panes[m                   
 [38;2;102;102;102m2 [m [38;2;138;190;183malpha[m[38;2;102;102;102m · [m[38;2;197;200;198mlogs[m[38;2;102;102;102m  1 pane[m                      
                                               
                                               
                                               
                                               
                                               
                                               
                                               
                                               
                                               
                                               
                                               
                                               
                                               
                                               
                                               
                                               
                                               
[38;2;102;102;102m↑↓ · 1-9 · enter select · / filter · q/esc back[m