[38;2;176;149;224m[m  [1;38;2;219;187;111mforgectl[m[38;2;90;122;138m  ·  windows[m                        
                                               
[38;2;219;187;111m▌[m[38;2;219;187;111m1 [m [38;2;184;202;212malpha[m[38;2;90;122;138m · [m[38;2;196;128;138meditor[m[38;2;90;122;138m  2 panes[m                   
 [38;2;90;122;138m2 [m [38;2;184;202;212malpha[m[38;2;90;122;138m · [m[38;2;232;230;225mlogs[m[38;2;90;122;138m  1 pane[m                      
                                               
                                               
                                               
                                               
                                               
                                               
                                               
                                               
                                               
                                               
                                               
                                               
                                               
                                               
                                               
                                               
                                               
[38;2;90;122;138m↑↓ · 1-9 · enter select · / filter · q/esc back[m