[1;38;2;176;185;249m  forgectl[0m[38;2;102;102;102m  ·  windows[0m                        
                                               
[38;2;176;185;249m▌[0m[38;2;176;185;249m1 [0m [38;2;138;190;183malpha[0m[38;2;102;102;102m · [0m[38;2;240;198;116meditor[0m[38;2;102;102;102m  2 panes[0m                   
 [38;2;102;102;102m2 [0m [38;2;138;190;183malpha[0m[38;2;102;102;102m · [0m[38;2;197;200;198mlogs[0m[38;2;102;102;102m  1 pane[0m                      
                                               
                                               
                                               
                                               
                                               
                                               
                                               
                                               
                                               
                                               
                                               
                                               
                                               
                                               
                                               
                                               
                                               
[38;2;102;102;102m↑↓ · 1-9 · enter select · / filter · q/esc back[0m